ABB 2012.0 ratio=interest_coverage:zero_denominator cagr=None
ABB 2014.0 ratio=interest_coverage:zero_denominator cagr=None
ABB 2015.0 ratio=interest_coverage:zero_denominator cagr=None
ABB nan ratio=debt_to_equity:missing_value;return_on_equity_pct:zero_denominator;return_on_capital_employed_pct:zero_denominator;return_on_assets_pct:missing_value;asset_turnover:missing_value;fixed_asset_turnover:missing_value;liabilities_to_assets:missing_value;cashflow:missing_value cagr=None
ADANIENSOL 2014.0 ratio=operating_margin_pct:zero_denominator;net_margin_pct:zero_denominator;return_on_assets_pct:zero_denominator;asset_turnover:zero_denominator;fixed_asset_turnover:zero_denominator;liabilities_to_assets:zero_denominator;interest_coverage:zero_denominator;cashflow:zero_denominator cagr=non_positive_base
ADANIENSOL 2015.0 ratio=None cagr=non_positive_base
ADANIENSOL 2016.0 ratio=None cagr=non_positive_base
ADANIENSOL 2017.0 ratio=None cagr=non_positive_base
ADANIENSOL 2018.0 ratio=None cagr=non_positive_base
ADANIENSOL 2019.0 ratio=None cagr=non_positive_base
ADANIENSOL 2020.0 ratio=None cagr=non_positive_base
ADANIENSOL 2021.0 ratio=None cagr=non_positive_base
ADANIENSOL 2022.0 ratio=None cagr=non_positive_base
ADANIENSOL 2023.0 ratio=None cagr=non_positive_base
ADANIENSOL 2024.0 ratio=None cagr=non_positive_base
ADANIENSOL nan ratio=debt_to_equity:missing_value;return_on_equity_pct:zero_denominator;return_on_capital_employed_pct:zero_denominator;return_on_assets_pct:missing_value;asset_turnover:missing_value;fixed_asset_turnover:missing_value;liabilities_to_assets:missing_value;cashflow:missing_value cagr=non_positive_base
ADANIENT nan ratio=debt_to_equity:missing_value;return_on_equity_pct:zero_denominator;return_on_capital_employed_pct:zero_denominator;return_on_assets_pct:missing_value;asset_turnover:missing_value;fixed_asset_turnover:missing_value;liabilities_to_assets:missing_value;cashflow:missing_value cagr=None
ADANIGREEN 2017.0 ratio=None cagr=missing_value
ADANIGREEN 2018.0 ratio=None cagr=missing_value
ADANIGREEN 2019.0 ratio=None cagr=missing_value
ADANIGREEN 2020.0 ratio=None cagr=missing_value
ADANIGREEN 2021.0 ratio=None cagr=missing_value
ADANIGREEN 2022.0 ratio=None cagr=missing_value
ADANIGREEN 2023.0 ratio=None cagr=missing_value
ADANIGREEN 2024.0 ratio=None cagr=missing_value
ADANIGREEN nan ratio=debt_to_equity:missing_value;return_on_equity_pct:zero_denominator;return_on_capital_employed_pct:zero_denominator;return_on_assets_pct:missing_value;asset_turnover:missing_value;fixed_asset_turnover:missing_value;liabilities_to_assets:missing_value;cashflow:missing_value cagr=missing_value
ADANIPORTS nan ratio=debt_to_equity:missing_value;return_on_equity_pct:zero_denominator;return_on_capital_employed_pct:zero_denominator;return_on_assets_pct:missing_value;asset_turnover:missing_value;fixed_asset_turnover:missing_value;liabilities_to_assets:missing_value;cashflow:missing_value cagr=None
ADANIPORTS nan ratio=debt_to_equity:missing_value;return_on_equity_pct:zero_denominator;return_on_capital_employed_pct:zero_denominator;return_on_assets_pct:missing_value;asset_turnover:missing_value;fixed_asset_turnover:missing_value;liabilities_to_assets:missing_value;cashflow:missing_value cagr=None
ADANIPOWER nan ratio=debt_to_equity:missing_value;return_on_equity_pct:zero_denominator;return_on_capital_employed_pct:zero_denominator;return_on_assets_pct:missing_value;asset_turnover:missing_value;fixed_asset_turnover:missing_value;liabilities_to_assets:missing_value;cashflow:missing_value cagr=None
AMBUJACEM nan ratio=debt_to_equity:missing_value;return_on_equity_pct:zero_denominator;return_on_capital_employed_pct:zero_denominator;return_on_assets_pct:missing_value;asset_turnover:missing_value;fixed_asset_turnover:missing_value;liabilities_to_assets:missing_value;cashflow:missing_value cagr=None
APOLLOHOSP nan ratio=debt_to_equity:missing_value;return_on_equity_pct:zero_denominator;return_on_capital_employed_pct:zero_denominator;return_on_assets_pct:missing_value;asset_turnover:missing_value;fixed_asset_turnover:missing_value;liabilities_to_assets:missing_value;cashflow:missing_value cagr=None
ASIANPAINT nan ratio=debt_to_equity:missing_value;return_on_equity_pct:zero_denominator;return_on_capital_employed_pct:zero_denominator;return_on_assets_pct:missing_value;asset_turnover:missing_value;fixed_asset_turnover:missing_value;liabilities_to_assets:missing_value;cashflow:missing_value cagr=None
ATGL 2018.0 ratio=cashflow:missing_value cagr=missing_value
ATGL 2019.0 ratio=cashflow:missing_value cagr=missing_value
ATGL 2020.0 ratio=cashflow:missing_value cagr=missing_value
ATGL 2021.0 ratio=cashflow:missing_value cagr=missing_value
ATGL 2022.0 ratio=cashflow:missing_value cagr=missing_value
ATGL 2023.0 ratio=cashflow:missing_value cagr=missing_value
ATGL 2024.0 ratio=cashflow:missing_value cagr=missing_value
ATGL nan ratio=debt_to_equity:missing_value;return_on_equity_pct:zero_denominator;return_on_capital_employed_pct:zero_denominator;return_on_assets_pct:missing_value;asset_turnover:missing_value;fixed_asset_turnover:missing_value;liabilities_to_assets:missing_value;cashflow:missing_value cagr=missing_value
BAJAJAUTO nan ratio=debt_to_equity:missing_value;return_on_equity_pct:zero_denominator;return_on_capital_employed_pct:zero_denominator;return_on_assets_pct:missing_value;asset_turnover:missing_value;fixed_asset_turnover:missing_value;liabilities_to_assets:missing_value;cashflow:missing_value cagr=None
AXISBANK nan ratio=debt_to_equity:missing_value;return_on_equity_pct:zero_denominator;return_on_capital_employed_pct:zero_denominator;return_on_assets_pct:missing_value;asset_turnover:missing_value;fixed_asset_turnover:missing_value;liabilities_to_assets:missing_value;cashflow:missing_value cagr=None
BAJAJFINSV nan ratio=debt_to_equity:missing_value;return_on_equity_pct:zero_denominator;return_on_capital_employed_pct:zero_denominator;return_on_assets_pct:missing_value;asset_turnover:missing_value;fixed_asset_turnover:missing_value;liabilities_to_assets:missing_value;cashflow:missing_value cagr=None
BAJAJHLDNG 2013.0 ratio=interest_coverage:zero_denominator cagr=None
BAJAJHLDNG 2014.0 ratio=interest_coverage:zero_denominator cagr=None
BAJAJHLDNG 2015.0 ratio=interest_coverage:zero_denominator cagr=None
BAJAJHLDNG 2016.0 ratio=interest_coverage:zero_denominator cagr=None
BAJAJHLDNG 2017.0 ratio=interest_coverage:zero_denominator cagr=None
BAJAJHLDNG 2018.0 ratio=interest_coverage:zero_denominator cagr=None
BAJAJHLDNG 2019.0 ratio=interest_coverage:zero_denominator cagr=None
BAJAJHLDNG nan ratio=debt_to_equity:missing_value;return_on_equity_pct:zero_denominator;return_on_capital_employed_pct:zero_denominator;return_on_assets_pct:missing_value;asset_turnover:missing_value;fixed_asset_turnover:missing_value;liabilities_to_assets:missing_value;cashflow:missing_value cagr=None
BAJFINANCE 2015.0 ratio=None cagr=missing_value
BAJFINANCE 2016.0 ratio=None cagr=missing_value
BAJFINANCE 2017.0 ratio=None cagr=missing_value
BAJFINANCE 2018.0 ratio=None cagr=missing_value
BAJFINANCE 2019.0 ratio=None cagr=missing_value
BAJFINANCE 2020.0 ratio=None cagr=missing_value
BAJFINANCE 2021.0 ratio=None cagr=missing_value
BAJFINANCE 2022.0 ratio=None cagr=missing_value
BAJFINANCE 2023.0 ratio=None cagr=missing_value
BAJFINANCE 2024.0 ratio=None cagr=missing_value
BAJFINANCE nan ratio=debt_to_equity:missing_value;return_on_equity_pct:zero_denominator;return_on_capital_employed_pct:zero_denominator;return_on_assets_pct:missing_value;asset_turnover:missing_value;fixed_asset_turnover:missing_value;liabilities_to_assets:missing_value;cashflow:missing_value cagr=missing_value
BANKBARODA nan ratio=debt_to_equity:missing_value;return_on_equity_pct:zero_denominator;return_on_capital_employed_pct:zero_denominator;return_on_assets_pct:missing_value;asset_turnover:missing_value;fixed_asset_turnover:missing_value;liabilities_to_assets:missing_value;cashflow:missing_value cagr=None
BHARTIARTL nan ratio=debt_to_equity:missing_value;return_on_equity_pct:zero_denominator;return_on_capital_employed_pct:zero_denominator;return_on_assets_pct:missing_value;asset_turnover:missing_value;fixed_asset_turnover:missing_value;liabilities_to_assets:missing_value;cashflow:missing_value cagr=None
BEL nan ratio=debt_to_equity:missing_value;return_on_equity_pct:zero_denominator;return_on_capital_employed_pct:zero_denominator;return_on_assets_pct:missing_value;asset_turnover:missing_value;fixed_asset_turnover:missing_value;liabilities_to_assets:missing_value;cashflow:missing_value cagr=None
BHEL nan ratio=debt_to_equity:missing_value;return_on_equity_pct:zero_denominator;return_on_capital_employed_pct:zero_denominator;return_on_assets_pct:missing_value;asset_turnover:missing_value;fixed_asset_turnover:missing_value;liabilities_to_assets:missing_value;cashflow:missing_value cagr=None
BOSCHLTD 2012.0 ratio=None cagr=missing_value
BOSCHLTD 2013.0 ratio=interest_coverage:zero_denominator cagr=missing_value
BOSCHLTD 2015.0 ratio=None cagr=missing_value
BOSCHLTD 2016.0 ratio=None cagr=missing_value
BOSCHLTD 2017.0 ratio=None cagr=missing_value
BOSCHLTD 2018.0 ratio=None cagr=missing_value
BOSCHLTD 2019.0 ratio=None cagr=missing_value
BOSCHLTD 2020.0 ratio=None cagr=missing_value
BOSCHLTD 2021.0 ratio=None cagr=missing_value
BOSCHLTD 2022.0 ratio=None cagr=missing_value
BOSCHLTD 2023.0 ratio=None cagr=missing_value
BOSCHLTD 2024.0 ratio=None cagr=missing_value
BOSCHLTD nan ratio=debt_to_equity:missing_value;return_on_equity_pct:zero_denominator;return_on_capital_employed_pct:zero_denominator;return_on_assets_pct:missing_value;asset_turnover:missing_value;fixed_asset_turnover:missing_value;liabilities_to_assets:missing_value;cashflow:missing_value cagr=missing_value
BPCL nan ratio=debt_to_equity:missing_value;return_on_equity_pct:zero_denominator;return_on_capital_employed_pct:zero_denominator;return_on_assets_pct:missing_value;asset_turnover:missing_value;fixed_asset_turnover:missing_value;liabilities_to_assets:missing_value;cashflow:missing_value cagr=None
BRITANNIA nan ratio=debt_to_equity:missing_value;return_on_equity_pct:zero_denominator;return_on_capital_employed_pct:zero_denominator;return_on_assets_pct:missing_value;asset_turnover:missing_value;fixed_asset_turnover:missing_value;liabilities_to_assets:missing_value;cashflow:missing_value cagr=None
CANBK nan ratio=debt_to_equity:missing_value;return_on_equity_pct:zero_denominator;return_on_capital_employed_pct:zero_denominator;return_on_assets_pct:missing_value;asset_turnover:missing_value;fixed_asset_turnover:missing_value;liabilities_to_assets:missing_value;cashflow:missing_value cagr=None
CHOLAFIN 2015.0 ratio=interest_coverage:zero_denominator cagr=None
CHOLAFIN 2018.0 ratio=interest_coverage:zero_denominator cagr=None
CHOLAFIN 2020.0 ratio=interest_coverage:zero_denominator cagr=None
CHOLAFIN nan ratio=debt_to_equity:missing_value;return_on_equity_pct:zero_denominator;return_on_capital_employed_pct:zero_denominator;return_on_assets_pct:missing_value;asset_turnover:missing_value;fixed_asset_turnover:missing_value;liabilities_to_assets:missing_value;cashflow:missing_value cagr=None
CIPLA nan ratio=debt_to_equity:missing_value;return_on_equity_pct:zero_denominator;return_on_capital_employed_pct:zero_denominator;return_on_assets_pct:missing_value;asset_turnover:missing_value;fixed_asset_turnover:missing_value;liabilities_to_assets:missing_value;cashflow:missing_value cagr=None
COALINDIA nan ratio=debt_to_equity:missing_value;return_on_equity_pct:zero_denominator;return_on_capital_employed_pct:zero_denominator;return_on_assets_pct:missing_value;asset_turnover:missing_value;fixed_asset_turnover:missing_value;liabilities_to_assets:missing_value;cashflow:missing_value cagr=None
DABUR nan ratio=debt_to_equity:missing_value;return_on_equity_pct:zero_denominator;return_on_capital_employed_pct:zero_denominator;return_on_assets_pct:missing_value;asset_turnover:missing_value;fixed_asset_turnover:missing_value;liabilities_to_assets:missing_value;cashflow:missing_value cagr=None
DIVISLAB nan ratio=debt_to_equity:missing_value;return_on_equity_pct:zero_denominator;return_on_capital_employed_pct:zero_denominator;return_on_assets_pct:missing_value;asset_turnover:missing_value;fixed_asset_turnover:missing_value;liabilities_to_assets:missing_value;cashflow:missing_value cagr=None
DLF nan ratio=debt_to_equity:missing_value;return_on_equity_pct:zero_denominator;return_on_capital_employed_pct:zero_denominator;return_on_assets_pct:missing_value;asset_turnover:missing_value;fixed_asset_turnover:missing_value;liabilities_to_assets:missing_value;cashflow:missing_value cagr=None
DMART nan ratio=debt_to_equity:missing_value;return_on_equity_pct:zero_denominator;return_on_capital_employed_pct:zero_denominator;return_on_assets_pct:missing_value;asset_turnover:missing_value;fixed_asset_turnover:missing_value;liabilities_to_assets:missing_value;cashflow:missing_value cagr=None
DRREDDY nan ratio=debt_to_equity:missing_value;return_on_equity_pct:zero_denominator;return_on_capital_employed_pct:zero_denominator;return_on_assets_pct:missing_value;asset_turnover:missing_value;fixed_asset_turnover:missing_value;liabilities_to_assets:missing_value;cashflow:missing_value cagr=None
EICHERMOT nan ratio=debt_to_equity:missing_value;return_on_equity_pct:zero_denominator;return_on_capital_employed_pct:zero_denominator;return_on_assets_pct:missing_value;asset_turnover:missing_value;fixed_asset_turnover:missing_value;liabilities_to_assets:missing_value;cashflow:missing_value cagr=None
GAIL nan ratio=debt_to_equity:missing_value;return_on_equity_pct:zero_denominator;return_on_capital_employed_pct:zero_denominator;return_on_assets_pct:missing_value;asset_turnover:missing_value;fixed_asset_turnover:missing_value;liabilities_to_assets:missing_value;cashflow:missing_value cagr=None
GODREJCP nan ratio=debt_to_equity:missing_value;return_on_equity_pct:zero_denominator;return_on_capital_employed_pct:zero_denominator;return_on_assets_pct:missing_value;asset_turnover:missing_value;fixed_asset_turnover:missing_value;liabilities_to_assets:missing_value;cashflow:missing_value cagr=None
GRASIM nan ratio=debt_to_equity:missing_value;return_on_equity_pct:zero_denominator;return_on_capital_employed_pct:zero_denominator;return_on_assets_pct:missing_value;asset_turnover:missing_value;fixed_asset_turnover:missing_value;liabilities_to_assets:missing_value;cashflow:missing_value cagr=None
HAL 2013.0 ratio=debt_to_equity:missing_value;return_on_equity_pct:zero_denominator;return_on_capital_employed_pct:zero_denominator;return_on_assets_pct:missing_value;asset_turnover:missing_value;fixed_asset_turnover:missing_value;liabilities_to_assets:missing_value;cashflow:missing_value cagr=None
HAL 2014.0 ratio=debt_to_equity:missing_value;return_on_equity_pct:zero_denominator;return_on_capital_employed_pct:zero_denominator;return_on_assets_pct:missing_value;asset_turnover:missing_value;fixed_asset_turnover:missing_value;liabilities_to_assets:missing_value;cashflow:missing_value cagr=None
HAL 2015.0 ratio=debt_to_equity:missing_value;return_on_equity_pct:zero_denominator;return_on_capital_employed_pct:zero_denominator;return_on_assets_pct:missing_value;asset_turnover:missing_value;fixed_asset_turnover:missing_value;liabilities_to_assets:missing_value;cashflow:missing_value cagr=None
HAL 2016.0 ratio=cashflow:missing_value cagr=None
HAL nan ratio=debt_to_equity:missing_value;return_on_equity_pct:zero_denominator;return_on_capital_employed_pct:zero_denominator;return_on_assets_pct:missing_value;asset_turnover:missing_value;fixed_asset_turnover:missing_value;liabilities_to_assets:missing_value;cashflow:missing_value cagr=None
HAVELLS nan ratio=debt_to_equity:missing_value;return_on_equity_pct:zero_denominator;return_on_capital_employed_pct:zero_denominator;return_on_assets_pct:missing_value;asset_turnover:missing_value;fixed_asset_turnover:missing_value;liabilities_to_assets:missing_value;cashflow:missing_value cagr=None
HCLTECH nan ratio=debt_to_equity:missing_value;return_on_equity_pct:zero_denominator;return_on_capital_employed_pct:zero_denominator;return_on_assets_pct:missing_value;asset_turnover:missing_value;fixed_asset_turnover:missing_value;liabilities_to_assets:missing_value;cashflow:missing_value cagr=None
HDFCBANK nan ratio=debt_to_equity:missing_value;return_on_equity_pct:zero_denominator;return_on_capital_employed_pct:zero_denominator;return_on_assets_pct:missing_value;asset_turnover:missing_value;fixed_asset_turnover:missing_value;liabilities_to_assets:missing_value;cashflow:missing_value cagr=None
HDFCLIFE 2013.0 ratio=cashflow:missing_value cagr=None
HDFCLIFE 2014.0 ratio=cashflow:missing_value cagr=None
HDFCLIFE nan ratio=debt_to_equity:missing_value;return_on_equity_pct:zero_denominator;return_on_capital_employed_pct:zero_denominator;return_on_assets_pct:missing_value;asset_turnover:missing_value;fixed_asset_turnover:missing_value;liabilities_to_assets:missing_value;cashflow:missing_value cagr=None
HEROMOTOCO nan ratio=debt_to_equity:missing_value;return_on_equity_pct:zero_denominator;return_on_capital_employed_pct:zero_denominator;return_on_assets_pct:missing_value;asset_turnover:missing_value;fixed_asset_turnover:missing_value;liabilities_to_assets:missing_value;cashflow:missing_value cagr=None
HINDALCO nan ratio=debt_to_equity:missing_value;return_on_equity_pct:zero_denominator;return_on_capital_employed_pct:zero_denominator;return_on_assets_pct:missing_value;asset_turnover:missing_value;fixed_asset_turnover:missing_value;liabilities_to_assets:missing_value;cashflow:missing_value cagr=None
HINDUNILVR nan ratio=debt_to_equity:missing_value;return_on_equity_pct:zero_denominator;return_on_capital_employed_pct:zero_denominator;return_on_assets_pct:missing_value;asset_turnover:missing_value;fixed_asset_turnover:missing_value;liabilities_to_assets:missing_value;cashflow:missing_value cagr=None
ICICIBANK nan ratio=debt_to_equity:missing_value;return_on_equity_pct:zero_denominator;return_on_capital_employed_pct:zero_denominator;return_on_assets_pct:missing_value;asset_turnover:missing_value;fixed_asset_turnover:missing_value;liabilities_to_assets:missing_value;cashflow:missing_value cagr=None
ICICIGI 2016.0 ratio=interest_coverage:zero_denominator cagr=None
ICICIGI nan ratio=debt_to_equity:missing_value;return_on_equity_pct:zero_denominator;return_on_capital_employed_pct:zero_denominator;return_on_assets_pct:missing_value;asset_turnover:missing_value;fixed_asset_turnover:missing_value;liabilities_to_assets:missing_value;cashflow:missing_value cagr=None
ICICIPRULI 2016.0 ratio=interest_coverage:zero_denominator cagr=None
ICICIPRULI nan ratio=debt_to_equity:missing_value;return_on_equity_pct:zero_denominator;return_on_capital_employed_pct:zero_denominator;return_on_assets_pct:missing_value;asset_turnover:missing_value;fixed_asset_turnover:missing_value;liabilities_to_assets:missing_value;cashflow:missing_value cagr=None
INDUSINDBK nan ratio=debt_to_equity:missing_value;return_on_equity_pct:zero_denominator;return_on_capital_employed_pct:zero_denominator;return_on_assets_pct:missing_value;asset_turnover:missing_value;fixed_asset_turnover:missing_value;liabilities_to_assets:missing_value;cashflow:missing_value cagr=None
INFY 2016.0 ratio=interest_coverage:zero_denominator cagr=None
INFY 2017.0 ratio=interest_coverage:zero_denominator cagr=None
INFY 2018.0 ratio=interest_coverage:zero_denominator cagr=None
INFY 2019.0 ratio=interest_coverage:zero_denominator cagr=None
INFY nan ratio=debt_to_equity:missing_value;return_on_equity_pct:zero_denominator;return_on_capital_employed_pct:zero_denominator;return_on_assets_pct:missing_value;asset_turnover:missing_value;fixed_asset_turnover:missing_value;liabilities_to_assets:missing_value;cashflow:missing_value cagr=None
IOC nan ratio=debt_to_equity:missing_value;return_on_equity_pct:zero_denominator;return_on_capital_employed_pct:zero_denominator;return_on_assets_pct:missing_value;asset_turnover:missing_value;fixed_asset_turnover:missing_value;liabilities_to_assets:missing_value;cashflow:missing_value cagr=None
IRCTC 2015.0 ratio=interest_coverage:zero_denominator cagr=missing_value
IRCTC 2016.0 ratio=interest_coverage:zero_denominator cagr=missing_value
IRCTC 2017.0 ratio=None cagr=missing_value
IRCTC 2018.0 ratio=None cagr=missing_value
IRCTC 2019.0 ratio=None cagr=missing_value
IRCTC 2020.0 ratio=None cagr=missing_value
IRCTC 2021.0 ratio=None cagr=missing_value
IRCTC 2022.0 ratio=None cagr=missing_value
IRCTC 2023.0 ratio=None cagr=missing_value
IRCTC 2024.0 ratio=None cagr=missing_value
IRCTC nan ratio=debt_to_equity:missing_value;return_on_equity_pct:zero_denominator;return_on_capital_employed_pct:zero_denominator;return_on_assets_pct:missing_value;asset_turnover:missing_value;fixed_asset_turnover:missing_value;liabilities_to_assets:missing_value;cashflow:missing_value cagr=missing_value
IRFC 2013.0 ratio=cashflow:missing_value cagr=None
IRFC 2014.0 ratio=cashflow:missing_value cagr=None
IRFC 2015.0 ratio=cashflow:missing_value cagr=None
IRFC nan ratio=debt_to_equity:missing_value;return_on_equity_pct:zero_denominator;return_on_capital_employed_pct:zero_denominator;return_on_assets_pct:missing_value;asset_turnover:missing_value;fixed_asset_turnover:missing_value;liabilities_to_assets:missing_value;cashflow:missing_value cagr=None
ITC nan ratio=debt_to_equity:missing_value;return_on_equity_pct:zero_denominator;return_on_capital_employed_pct:zero_denominator;return_on_assets_pct:missing_value;asset_turnover:missing_value;fixed_asset_turnover:missing_value;liabilities_to_assets:missing_value;cashflow:missing_value cagr=None
JINDALSTEL nan ratio=debt_to_equity:missing_value;return_on_equity_pct:zero_denominator;return_on_capital_employed_pct:zero_denominator;return_on_assets_pct:missing_value;asset_turnover:missing_value;fixed_asset_turnover:missing_value;liabilities_to_assets:missing_value;cashflow:missing_value cagr=None
JIOFIN 2023.0 ratio=interest_coverage:zero_denominator cagr=missing_value
JIOFIN 2024.0 ratio=None cagr=missing_value
JIOFIN nan ratio=debt_to_equity:missing_value;return_on_equity_pct:zero_denominator;return_on_capital_employed_pct:zero_denominator;return_on_assets_pct:missing_value;asset_turnover:missing_value;fixed_asset_turnover:missing_value;liabilities_to_assets:missing_value;interest_coverage:zero_denominator;cashflow:missing_value cagr=missing_value
JSWENERGY nan ratio=debt_to_equity:missing_value;return_on_equity_pct:zero_denominator;return_on_capital_employed_pct:zero_denominator;return_on_assets_pct:missing_value;asset_turnover:missing_value;fixed_asset_turnover:missing_value;liabilities_to_assets:missing_value;cashflow:missing_value cagr=None
JSWSTEEL nan ratio=debt_to_equity:missing_value;return_on_equity_pct:zero_denominator;return_on_capital_employed_pct:zero_denominator;return_on_assets_pct:missing_value;asset_turnover:missing_value;fixed_asset_turnover:missing_value;liabilities_to_assets:missing_value;cashflow:missing_value cagr=None
KOTAKBANK nan ratio=debt_to_equity:missing_value;return_on_equity_pct:zero_denominator;return_on_capital_employed_pct:zero_denominator;return_on_assets_pct:missing_value;asset_turnover:missing_value;fixed_asset_turnover:missing_value;liabilities_to_assets:missing_value;cashflow:missing_value cagr=None
LICI 2019.0 ratio=interest_coverage:zero_denominator cagr=missing_value
LICI 2020.0 ratio=interest_coverage:zero_denominator cagr=missing_value
LICI 2021.0 ratio=interest_coverage:zero_denominator cagr=missing_value
LICI 2022.0 ratio=interest_coverage:zero_denominator cagr=missing_value
LICI 2023.0 ratio=None cagr=missing_value
LICI 2024.0 ratio=None cagr=missing_value
LICI nan ratio=debt_to_equity:missing_value;return_on_equity_pct:zero_denominator;return_on_capital_employed_pct:zero_denominator;return_on_assets_pct:missing_value;asset_turnover:missing_value;fixed_asset_turnover:missing_value;liabilities_to_assets:missing_value;interest_coverage:zero_denominator;cashflow:missing_value cagr=missing_value
LODHA 2011.0 ratio=cashflow:missing_value cagr=missing_value
LODHA 2012.0 ratio=cashflow:missing_value cagr=missing_value
LODHA 2015.0 ratio=cashflow:missing_value cagr=missing_value
LODHA 2016.0 ratio=None cagr=missing_value
LODHA 2017.0 ratio=None cagr=missing_value
LODHA 2018.0 ratio=None cagr=missing_value
LODHA 2019.0 ratio=None cagr=missing_value
LODHA 2020.0 ratio=None cagr=missing_value
LODHA 2021.0 ratio=None cagr=missing_value
LODHA 2022.0 ratio=None cagr=missing_value
LODHA 2023.0 ratio=None cagr=missing_value
LODHA 2024.0 ratio=None cagr=missing_value
LODHA nan ratio=debt_to_equity:missing_value;return_on_equity_pct:zero_denominator;return_on_capital_employed_pct:zero_denominator;return_on_assets_pct:missing_value;asset_turnover:missing_value;fixed_asset_turnover:missing_value;liabilities_to_assets:missing_value;cashflow:missing_value cagr=missing_value
LT nan ratio=debt_to_equity:missing_value;return_on_equity_pct:zero_denominator;return_on_capital_employed_pct:zero_denominator;return_on_assets_pct:missing_value;asset_turnover:missing_value;fixed_asset_turnover:missing_value;liabilities_to_assets:missing_value;cashflow:missing_value cagr=None
LTIM nan ratio=debt_to_equity:missing_value;return_on_equity_pct:zero_denominator;return_on_capital_employed_pct:zero_denominator;return_on_assets_pct:missing_value;asset_turnover:missing_value;fixed_asset_turnover:missing_value;liabilities_to_assets:missing_value;cashflow:missing_value cagr=None
M&M nan ratio=debt_to_equity:missing_value;return_on_equity_pct:zero_denominator;return_on_capital_employed_pct:zero_denominator;return_on_assets_pct:missing_value;asset_turnover:missing_value;fixed_asset_turnover:missing_value;liabilities_to_assets:missing_value;cashflow:missing_value cagr=None
MARUTI nan ratio=debt_to_equity:missing_value;return_on_equity_pct:zero_denominator;return_on_capital_employed_pct:zero_denominator;return_on_assets_pct:missing_value;asset_turnover:missing_value;fixed_asset_turnover:missing_value;liabilities_to_assets:missing_value;cashflow:missing_value cagr=None
MOTHERSON nan ratio=debt_to_equity:missing_value;return_on_equity_pct:zero_denominator;return_on_capital_employed_pct:zero_denominator;return_on_assets_pct:missing_value;asset_turnover:missing_value;fixed_asset_turnover:missing_value;liabilities_to_assets:missing_value;cashflow:missing_value cagr=None
NAUKRI nan ratio=debt_to_equity:missing_value;return_on_equity_pct:zero_denominator;return_on_capital_employed_pct:zero_denominator;return_on_assets_pct:missing_value;asset_turnover:missing_value;fixed_asset_turnover:missing_value;liabilities_to_assets:missing_value;cashflow:missing_value cagr=None
NESTLEIND nan ratio=debt_to_equity:missing_value;return_on_equity_pct:zero_denominator;return_on_capital_employed_pct:zero_denominator;return_on_assets_pct:missing_value;asset_turnover:missing_value;fixed_asset_turnover:missing_value;liabilities_to_assets:missing_value;cashflow:missing_value cagr=None
NHPC nan ratio=debt_to_equity:missing_value;return_on_equity_pct:zero_denominator;return_on_capital_employed_pct:zero_denominator;return_on_assets_pct:missing_value;asset_turnover:missing_value;fixed_asset_turnover:missing_value;liabilities_to_assets:missing_value;cashflow:missing_value cagr=None
NTPC nan ratio=debt_to_equity:missing_value;return_on_equity_pct:zero_denominator;return_on_capital_employed_pct:zero_denominator;return_on_assets_pct:missing_value;asset_turnover:missing_value;fixed_asset_turnover:missing_value;liabilities_to_assets:missing_value;cashflow:missing_value cagr=None
ONGC nan ratio=debt_to_equity:missing_value;return_on_equity_pct:zero_denominator;return_on_capital_employed_pct:zero_denominator;return_on_assets_pct:missing_value;asset_turnover:missing_value;fixed_asset_turnover:missing_value;liabilities_to_assets:missing_value;cashflow:missing_value cagr=None
PFC nan ratio=debt_to_equity:missing_value;return_on_equity_pct:zero_denominator;return_on_capital_employed_pct:zero_denominator;return_on_assets_pct:missing_value;asset_turnover:missing_value;fixed_asset_turnover:missing_value;liabilities_to_assets:missing_value;cashflow:missing_value cagr=None
PIDILITIND nan ratio=debt_to_equity:missing_value;return_on_equity_pct:zero_denominator;return_on_capital_employed_pct:zero_denominator;return_on_assets_pct:missing_value;asset_turnover:missing_value;fixed_asset_turnover:missing_value;liabilities_to_assets:missing_value;cashflow:missing_value cagr=None
PNB 2013.0 ratio=operating_margin_pct:missing_value;return_on_capital_employed_pct:missing_value;interest_coverage:missing_value cagr=None
PNB 2014.0 ratio=operating_margin_pct:missing_value;return_on_capital_employed_pct:missing_value;interest_coverage:missing_value cagr=None
PNB 2015.0 ratio=operating_margin_pct:missing_value;return_on_capital_employed_pct:missing_value;interest_coverage:missing_value cagr=None
PNB 2016.0 ratio=operating_margin_pct:missing_value;return_on_capital_employed_pct:missing_value;interest_coverage:missing_value cagr=None
PNB 2017.0 ratio=operating_margin_pct:missing_value;return_on_capital_employed_pct:missing_value;interest_coverage:missing_value cagr=None
PNB 2018.0 ratio=operating_margin_pct:missing_value;return_on_capital_employed_pct:missing_value;interest_coverage:missing_value cagr=None
PNB 2019.0 ratio=operating_margin_pct:missing_value;return_on_capital_employed_pct:missing_value;interest_coverage:missing_value cagr=None
PNB 2020.0 ratio=operating_margin_pct:missing_value;return_on_capital_employed_pct:missing_value;interest_coverage:missing_value cagr=None
PNB 2021.0 ratio=operating_margin_pct:missing_value;return_on_capital_employed_pct:missing_value;interest_coverage:missing_value cagr=None
PNB 2022.0 ratio=operating_margin_pct:missing_value;return_on_capital_employed_pct:missing_value;interest_coverage:missing_value cagr=None
PNB 2023.0 ratio=operating_margin_pct:missing_value;return_on_capital_employed_pct:missing_value;interest_coverage:missing_value cagr=None
PNB 2024.0 ratio=operating_margin_pct:missing_value;return_on_capital_employed_pct:missing_value;interest_coverage:missing_value cagr=None
PNB nan ratio=operating_margin_pct:missing_value;debt_to_equity:missing_value;return_on_equity_pct:zero_denominator;return_on_capital_employed_pct:missing_value;return_on_assets_pct:missing_value;asset_turnover:missing_value;fixed_asset_turnover:missing_value;liabilities_to_assets:missing_value;interest_coverage:missing_value;cashflow:missing_value cagr=None
POWERGRID nan ratio=debt_to_equity:missing_value;return_on_equity_pct:zero_denominator;return_on_capital_employed_pct:zero_denominator;return_on_assets_pct:missing_value;asset_turnover:missing_value;fixed_asset_turnover:missing_value;liabilities_to_assets:missing_value;cashflow:missing_value cagr=None
RECLTD nan ratio=debt_to_equity:missing_value;return_on_equity_pct:zero_denominator;return_on_capital_employed_pct:zero_denominator;return_on_assets_pct:missing_value;asset_turnover:missing_value;fixed_asset_turnover:missing_value;liabilities_to_assets:missing_value;cashflow:missing_value cagr=None
RELIANCE nan ratio=debt_to_equity:missing_value;return_on_equity_pct:zero_denominator;return_on_capital_employed_pct:zero_denominator;return_on_assets_pct:missing_value;asset_turnover:missing_value;fixed_asset_turnover:missing_value;liabilities_to_assets:missing_value;cashflow:missing_value cagr=None
SBILIFE 2020.0 ratio=interest_coverage:zero_denominator cagr=None
SBILIFE 2021.0 ratio=interest_coverage:zero_denominator cagr=None
SBILIFE 2022.0 ratio=interest_coverage:zero_denominator cagr=None
SBILIFE nan ratio=debt_to_equity:missing_value;return_on_equity_pct:zero_denominator;return_on_capital_employed_pct:zero_denominator;return_on_assets_pct:missing_value;asset_turnover:missing_value;fixed_asset_turnover:missing_value;liabilities_to_assets:missing_value;interest_coverage:zero_denominator;cashflow:missing_value cagr=None
SBIN 2013.0 ratio=debt_to_equity:missing_value;return_on_equity_pct:zero_denominator;return_on_capital_employed_pct:zero_denominator;return_on_assets_pct:missing_value;asset_turnover:missing_value;fixed_asset_turnover:missing_value;liabilities_to_assets:missing_value cagr=None
SBIN 2014.0 ratio=debt_to_equity:missing_value;return_on_equity_pct:zero_denominator;return_on_capital_employed_pct:zero_denominator;return_on_assets_pct:missing_value;asset_turnover:missing_value;fixed_asset_turnover:missing_value;liabilities_to_assets:missing_value cagr=None
SBIN 2015.0 ratio=debt_to_equity:missing_value;return_on_equity_pct:zero_denominator;return_on_capital_employed_pct:zero_denominator;return_on_assets_pct:missing_value;asset_turnover:missing_value;fixed_asset_turnover:missing_value;liabilities_to_assets:missing_value cagr=None
SBIN 2016.0 ratio=debt_to_equity:missing_value;return_on_equity_pct:zero_denominator;return_on_capital_employed_pct:zero_denominator;return_on_assets_pct:missing_value;asset_turnover:missing_value;fixed_asset_turnover:missing_value;liabilities_to_assets:missing_value cagr=None
SBIN 2017.0 ratio=debt_to_equity:missing_value;return_on_equity_pct:zero_denominator;return_on_capital_employed_pct:zero_denominator;return_on_assets_pct:missing_value;asset_turnover:missing_value;fixed_asset_turnover:missing_value;liabilities_to_assets:missing_value cagr=None
SBIN 2018.0 ratio=debt_to_equity:missing_value;return_on_equity_pct:zero_denominator;return_on_capital_employed_pct:zero_denominator;return_on_assets_pct:missing_value;asset_turnover:missing_value;fixed_asset_turnover:missing_value;liabilities_to_assets:missing_value cagr=None
SBIN 2019.0 ratio=debt_to_equity:missing_value;return_on_equity_pct:zero_denominator;return_on_capital_employed_pct:zero_denominator;return_on_assets_pct:missing_value;asset_turnover:missing_value;fixed_asset_turnover:missing_value;liabilities_to_assets:missing_value cagr=None
SBIN 2020.0 ratio=debt_to_equity:missing_value;return_on_equity_pct:zero_denominator;return_on_capital_employed_pct:zero_denominator;return_on_assets_pct:missing_value;asset_turnover:missing_value;fixed_asset_turnover:missing_value;liabilities_to_assets:missing_value cagr=None
SBIN 2021.0 ratio=debt_to_equity:missing_value;return_on_equity_pct:zero_denominator;return_on_capital_employed_pct:zero_denominator;return_on_assets_pct:missing_value;asset_turnover:missing_value;fixed_asset_turnover:missing_value;liabilities_to_assets:missing_value cagr=None
SBIN 2022.0 ratio=debt_to_equity:missing_value;return_on_equity_pct:zero_denominator;return_on_capital_employed_pct:zero_denominator;return_on_assets_pct:missing_value;asset_turnover:missing_value;fixed_asset_turnover:missing_value;liabilities_to_assets:missing_value cagr=None
SBIN 2023.0 ratio=debt_to_equity:missing_value;return_on_equity_pct:zero_denominator;return_on_capital_employed_pct:zero_denominator;return_on_assets_pct:missing_value;asset_turnover:missing_value;fixed_asset_turnover:missing_value;liabilities_to_assets:missing_value cagr=None
SBIN 2024.0 ratio=debt_to_equity:missing_value;return_on_equity_pct:zero_denominator;return_on_capital_employed_pct:zero_denominator;return_on_assets_pct:missing_value;asset_turnover:missing_value;fixed_asset_turnover:missing_value;liabilities_to_assets:missing_value cagr=None
SBIN nan ratio=debt_to_equity:missing_value;return_on_equity_pct:zero_denominator;return_on_capital_employed_pct:zero_denominator;return_on_assets_pct:missing_value;asset_turnover:missing_value;fixed_asset_turnover:missing_value;liabilities_to_assets:missing_value;cashflow:missing_value cagr=None
SHREECEM nan ratio=debt_to_equity:missing_value;return_on_equity_pct:zero_denominator;return_on_capital_employed_pct:zero_denominator;return_on_assets_pct:missing_value;asset_turnover:missing_value;fixed_asset_turnover:missing_value;liabilities_to_assets:missing_value;cashflow:missing_value cagr=None
SHRIRAMFIN nan ratio=debt_to_equity:missing_value;return_on_equity_pct:zero_denominator;return_on_capital_employed_pct:zero_denominator;return_on_assets_pct:missing_value;asset_turnover:missing_value;fixed_asset_turnover:missing_value;liabilities_to_assets:missing_value;cashflow:missing_value cagr=None
SUNPHARMA nan ratio=debt_to_equity:missing_value;return_on_equity_pct:zero_denominator;return_on_capital_employed_pct:zero_denominator;return_on_assets_pct:missing_value;asset_turnover:missing_value;fixed_asset_turnover:missing_value;liabilities_to_assets:missing_value;cashflow:missing_value cagr=None
TATACONSUM nan ratio=debt_to_equity:missing_value;return_on_equity_pct:zero_denominator;return_on_capital_employed_pct:zero_denominator;return_on_assets_pct:missing_value;asset_turnover:missing_value;fixed_asset_turnover:missing_value;liabilities_to_assets:missing_value;cashflow:missing_value cagr=None
TATAMOTORS nan ratio=debt_to_equity:missing_value;return_on_equity_pct:zero_denominator;return_on_capital_employed_pct:zero_denominator;return_on_assets_pct:missing_value;asset_turnover:missing_value;fixed_asset_turnover:missing_value;liabilities_to_assets:missing_value;cashflow:missing_value cagr=None
TATAPOWER nan ratio=debt_to_equity:missing_value;return_on_equity_pct:zero_denominator;return_on_capital_employed_pct:zero_denominator;return_on_assets_pct:missing_value;asset_turnover:missing_value;fixed_asset_turnover:missing_value;liabilities_to_assets:missing_value;cashflow:missing_value cagr=None
TATASTEEL nan ratio=debt_to_equity:missing_value;return_on_equity_pct:zero_denominator;return_on_capital_employed_pct:zero_denominator;return_on_assets_pct:missing_value;asset_turnover:missing_value;fixed_asset_turnover:missing_value;liabilities_to_assets:missing_value;cashflow:missing_value cagr=None
TCS nan ratio=debt_to_equity:missing_value;return_on_equity_pct:zero_denominator;return_on_capital_employed_pct:zero_denominator;return_on_assets_pct:missing_value;asset_turnover:missing_value;fixed_asset_turnover:missing_value;liabilities_to_assets:missing_value;cashflow:missing_value cagr=None
TECHM nan ratio=debt_to_equity:missing_value;return_on_equity_pct:zero_denominator;return_on_capital_employed_pct:zero_denominator;return_on_assets_pct:missing_value;asset_turnover:missing_value;fixed_asset_turnover:missing_value;liabilities_to_assets:missing_value;cashflow:missing_value cagr=None
TITAN nan ratio=debt_to_equity:missing_value;return_on_equity_pct:zero_denominator;return_on_capital_employed_pct:zero_denominator;return_on_assets_pct:missing_value;asset_turnover:missing_value;fixed_asset_turnover:missing_value;liabilities_to_assets:missing_value;cashflow:missing_value cagr=None
TORNTPHARM nan ratio=debt_to_equity:missing_value;return_on_equity_pct:zero_denominator;return_on_capital_employed_pct:zero_denominator;return_on_assets_pct:missing_value;asset_turnover:missing_value;fixed_asset_turnover:missing_value;liabilities_to_assets:missing_value;cashflow:missing_value cagr=None
TRENT nan ratio=debt_to_equity:missing_value;return_on_equity_pct:zero_denominator;return_on_capital_employed_pct:zero_denominator;return_on_assets_pct:missing_value;asset_turnover:missing_value;fixed_asset_turnover:missing_value;liabilities_to_assets:missing_value;cashflow:missing_value cagr=None
TVSMOTOR nan ratio=debt_to_equity:missing_value;return_on_equity_pct:zero_denominator;return_on_capital_employed_pct:zero_denominator;return_on_assets_pct:missing_value;asset_turnover:missing_value;fixed_asset_turnover:missing_value;liabilities_to_assets:missing_value;cashflow:missing_value cagr=None
ULTRACEMCO nan ratio=debt_to_equity:missing_value;return_on_equity_pct:zero_denominator;return_on_capital_employed_pct:zero_denominator;return_on_assets_pct:missing_value;asset_turnover:missing_value;fixed_asset_turnover:missing_value;liabilities_to_assets:missing_value;cashflow:missing_value cagr=None
UNIONBANK nan ratio=debt_to_equity:missing_value;return_on_equity_pct:zero_denominator;return_on_capital_employed_pct:zero_denominator;return_on_assets_pct:missing_value;asset_turnover:missing_value;fixed_asset_turnover:missing_value;liabilities_to_assets:missing_value;cashflow:missing_value cagr=None
UNITDSPR nan ratio=debt_to_equity:missing_value;return_on_equity_pct:zero_denominator;return_on_capital_employed_pct:zero_denominator;return_on_assets_pct:missing_value;asset_turnover:missing_value;fixed_asset_turnover:missing_value;liabilities_to_assets:missing_value;cashflow:missing_value cagr=None
VBL 2012.0 ratio=debt_to_equity:missing_value;return_on_equity_pct:zero_denominator;return_on_capital_employed_pct:zero_denominator;return_on_assets_pct:missing_value;asset_turnover:missing_value;fixed_asset_turnover:missing_value;liabilities_to_assets:missing_value cagr=None
VBL 2013.0 ratio=debt_to_equity:missing_value;return_on_equity_pct:zero_denominator;return_on_capital_employed_pct:zero_denominator;return_on_assets_pct:missing_value;asset_turnover:missing_value;fixed_asset_turnover:missing_value;liabilities_to_assets:missing_value cagr=None
VBL 2014.0 ratio=debt_to_equity:missing_value;return_on_equity_pct:zero_denominator;return_on_capital_employed_pct:zero_denominator;return_on_assets_pct:missing_value;asset_turnover:missing_value;fixed_asset_turnover:missing_value;liabilities_to_assets:missing_value cagr=None
VBL 2015.0 ratio=debt_to_equity:missing_value;return_on_equity_pct:zero_denominator;return_on_capital_employed_pct:zero_denominator;return_on_assets_pct:missing_value;asset_turnover:missing_value;fixed_asset_turnover:missing_value;liabilities_to_assets:missing_value cagr=None
VBL 2016.0 ratio=debt_to_equity:missing_value;return_on_equity_pct:zero_denominator;return_on_capital_employed_pct:zero_denominator;return_on_assets_pct:missing_value;asset_turnover:missing_value;fixed_asset_turnover:missing_value;liabilities_to_assets:missing_value cagr=None
VBL 2017.0 ratio=debt_to_equity:missing_value;return_on_equity_pct:zero_denominator;return_on_capital_employed_pct:zero_denominator;return_on_assets_pct:missing_value;asset_turnover:missing_value;fixed_asset_turnover:missing_value;liabilities_to_assets:missing_value cagr=None
VBL 2018.0 ratio=debt_to_equity:missing_value;return_on_equity_pct:zero_denominator;return_on_capital_employed_pct:zero_denominator;return_on_assets_pct:missing_value;asset_turnover:missing_value;fixed_asset_turnover:missing_value;liabilities_to_assets:missing_value cagr=None
VBL 2019.0 ratio=debt_to_equity:missing_value;return_on_equity_pct:zero_denominator;return_on_capital_employed_pct:zero_denominator;return_on_assets_pct:missing_value;asset_turnover:missing_value;fixed_asset_turnover:missing_value;liabilities_to_assets:missing_value cagr=None
VBL 2020.0 ratio=debt_to_equity:missing_value;return_on_equity_pct:zero_denominator;return_on_capital_employed_pct:zero_denominator;return_on_assets_pct:missing_value;asset_turnover:missing_value;fixed_asset_turnover:missing_value;liabilities_to_assets:missing_value cagr=None
VBL 2021.0 ratio=debt_to_equity:missing_value;return_on_equity_pct:zero_denominator;return_on_capital_employed_pct:zero_denominator;return_on_assets_pct:missing_value;asset_turnover:missing_value;fixed_asset_turnover:missing_value;liabilities_to_assets:missing_value cagr=None
VBL 2022.0 ratio=debt_to_equity:missing_value;return_on_equity_pct:zero_denominator;return_on_capital_employed_pct:zero_denominator;return_on_assets_pct:missing_value;asset_turnover:missing_value;fixed_asset_turnover:missing_value;liabilities_to_assets:missing_value cagr=None
VBL 2023.0 ratio=debt_to_equity:missing_value;return_on_equity_pct:zero_denominator;return_on_capital_employed_pct:zero_denominator;return_on_assets_pct:missing_value;asset_turnover:missing_value;fixed_asset_turnover:missing_value;liabilities_to_assets:missing_value cagr=None
VBL nan ratio=debt_to_equity:missing_value;return_on_equity_pct:zero_denominator;return_on_capital_employed_pct:zero_denominator;return_on_assets_pct:missing_value;asset_turnover:missing_value;fixed_asset_turnover:missing_value;liabilities_to_assets:missing_value;cashflow:missing_value cagr=None
VEDL nan ratio=debt_to_equity:missing_value;return_on_equity_pct:zero_denominator;return_on_capital_employed_pct:zero_denominator;return_on_assets_pct:missing_value;asset_turnover:missing_value;fixed_asset_turnover:missing_value;liabilities_to_assets:missing_value;cashflow:missing_value cagr=None
WIPRO nan ratio=debt_to_equity:missing_value;return_on_equity_pct:zero_denominator;return_on_capital_employed_pct:zero_denominator;return_on_assets_pct:missing_value;asset_turnover:missing_value;fixed_asset_turnover:missing_value;liabilities_to_assets:missing_value;cashflow:missing_value cagr=None
ZOMATO 2018.0 ratio=cashflow:missing_value cagr=missing_value
ZOMATO 2019.0 ratio=cashflow:missing_value cagr=missing_value
ZOMATO 2020.0 ratio=None cagr=missing_value
ZOMATO 2021.0 ratio=None cagr=missing_value
ZOMATO 2022.0 ratio=None cagr=missing_value
ZOMATO 2023.0 ratio=None cagr=missing_value
ZOMATO 2024.0 ratio=None cagr=missing_value
ZOMATO nan ratio=debt_to_equity:missing_value;return_on_equity_pct:zero_denominator;return_on_capital_employed_pct:zero_denominator;return_on_assets_pct:missing_value;asset_turnover:missing_value;fixed_asset_turnover:missing_value;liabilities_to_assets:missing_value;cashflow:missing_value cagr=missing_value
ZYDUSLIFE nan ratio=debt_to_equity:missing_value;return_on_equity_pct:zero_denominator;return_on_capital_employed_pct:zero_denominator;return_on_assets_pct:missing_value;asset_turnover:missing_value;fixed_asset_turnover:missing_value;liabilities_to_assets:missing_value;cashflow:missing_value cagr=None
INDIGO nan ratio=debt_to_equity:missing_value;return_on_equity_pct:zero_denominator;return_on_capital_employed_pct:zero_denominator;return_on_assets_pct:missing_value;asset_turnover:missing_value;fixed_asset_turnover:missing_value;liabilities_to_assets:missing_value;cashflow:missing_value cagr=None
